// Jest Snapshot v1, https://goo.gl/fbAQLP

exports[`renders correctly 1`] = `
{
  "children": [
    {
      "identifier": "QtQuick",
      "kind": "Import",
      "loc": {
        "end": {
          "column": 18,
          "line": 1,
          "offset": 18,
        },
        "start": {
          "column": 0,
          "line": 1,
          "offset": 0,
        },
      },
      "version": "2.0",
    },
    {
      "children": [
        {
          "asBrackets": true,
          "identifier": "test",
          "kind": "Signal",
          "loc": {
            "end": {
              "column": 16,
              "line": 5,
              "offset": 49,
            },
            "start": {
              "column": 2,
              "line": 5,
              "offset": 35,
            },
          },
        },
      ],
      "identifier": "Rectangle",
      "kind": "ObjectDefinition",
      "loc": {
        "end": {
          "column": 1,
          "line": 7,
          "offset": 53,
        },
        "start": {
          "column": 0,
          "line": 3,
          "offset": 20,
        },
      },
    },
  ],
  "comments": [],
  "kind": "Program",
  "loc": {
    "end": {
      "column": 0,
      "line": 8,
      "offset": 54,
    },
    "start": {
      "column": 0,
      "line": 1,
      "offset": 0,
    },
  },
}
`;
