// Jest Snapshot v1, https://goo.gl/fbAQLP

exports[`renders correctly 1`] = `
{
  "children": [
    {
      "identifier": "QtQuick",
      "kind": "Import",
      "loc": {
        "end": {
          "column": 18,
          "line": 1,
          "offset": 18,
        },
        "start": {
          "column": 0,
          "line": 1,
          "offset": 0,
        },
      },
      "version": "2.0",
    },
    {
      "children": [
        {
          "kind": "ObjectIdentifier",
          "loc": {
            "end": {
              "column": 10,
              "line": 4,
              "offset": 42,
            },
            "start": {
              "column": 2,
              "line": 4,
              "offset": 34,
            },
          },
          "value": "self",
        },
        {
          "default": true,
          "identifier": "test",
          "kind": "Property",
          "loc": {
            "end": {
              "column": 45,
              "line": 6,
              "offset": 90,
            },
            "start": {
              "column": 2,
              "line": 6,
              "offset": 47,
            },
          },
          "type": "alias",
          "value": {
            "kind": "JavascriptValue",
            "loc": {
              "end": {
                "column": 45,
                "line": 6,
                "offset": 90,
              },
              "start": {
                "column": 32,
                "line": 6,
                "offset": 77,
              },
            },
            "object": false,
            "value": "self.children",
          },
        },
      ],
      "identifier": "Rectangle",
      "kind": "ObjectDefinition",
      "loc": {
        "end": {
          "column": 1,
          "line": 8,
          "offset": 94,
        },
        "start": {
          "column": 0,
          "line": 3,
          "offset": 20,
        },
      },
    },
  ],
  "comments": [],
  "kind": "Program",
  "loc": {
    "end": {
      "column": 0,
      "line": 9,
      "offset": 95,
    },
    "start": {
      "column": 0,
      "line": 1,
      "offset": 0,
    },
  },
}
`;
