// Jest Snapshot v1, https://goo.gl/fbAQLP

exports[`renders correctly 1`] = `
{
  "children": [
    {
      "identifier": "QtQuick",
      "kind": "Import",
      "loc": {
        "end": {
          "column": 19,
          "line": 1,
          "offset": 19,
        },
        "start": {
          "column": 0,
          "line": 1,
          "offset": 0,
        },
      },
      "version": "2.15",
    },
    {
      "children": [
        {
          "kind": "ObjectIdentifier",
          "loc": {
            "end": {
              "column": 12,
              "line": 4,
              "offset": 40,
            },
            "start": {
              "column": 4,
              "line": 4,
              "offset": 32,
            },
          },
          "value": "root",
        },
        {
          "identifier": "someObject",
          "kind": "Property",
          "loc": {
            "end": {
              "column": 33,
              "line": 6,
              "offset": 79,
            },
            "start": {
              "column": 4,
              "line": 6,
              "offset": 50,
            },
          },
          "type": "var",
          "value": {
            "kind": "JavascriptValue",
            "loc": {
              "end": {
                "column": 33,
                "line": 6,
                "offset": 79,
              },
              "start": {
                "column": 29,
                "line": 6,
                "offset": 75,
              },
            },
            "object": false,
            "value": "null",
          },
        },
        {
          "body": "function processData() {
        if (someObject == null) {  // Should trigger warning
            console.log("Object is null");
        }
        
        // Complex JS code
        let array = [1, 2, 3];
        array.forEach(item => {
            if (item != 2) {  // Should trigger warning
                console.log(item);
            }
        });
    }",
          "identifier": "processData",
          "kind": "Function",
          "loc": {
            "end": {
              "column": 5,
              "line": 20,
              "offset": 449,
            },
            "start": {
              "column": 4,
              "line": 8,
              "offset": 89,
            },
          },
        },
        {
          "identifier": "Component.onCompleted",
          "kind": "Attribute",
          "loc": {
            "end": {
              "column": 5,
              "line": 27,
              "offset": 596,
            },
            "start": {
              "column": 4,
              "line": 22,
              "offset": 459,
            },
          },
          "value": {
            "kind": "JavascriptBlock",
            "loc": {
              "end": {
                "column": 5,
                "line": 27,
                "offset": 596,
              },
              "start": {
                "column": 27,
                "line": 22,
                "offset": 482,
              },
            },
            "object": false,
            "value": "{
        let x = 10;
        if (x == 10) {  // Should trigger warning
            processData();
        }
    }",
          },
        },
      ],
      "identifier": "Item",
      "kind": "ObjectDefinition",
      "loc": {
        "end": {
          "column": 1,
          "line": 28,
          "offset": 598,
        },
        "start": {
          "column": 0,
          "line": 3,
          "offset": 21,
        },
      },
    },
  ],
  "comments": [],
  "kind": "Program",
  "loc": {
    "end": {
      "column": 1,
      "line": 28,
      "offset": 598,
    },
    "start": {
      "column": 0,
      "line": 1,
      "offset": 0,
    },
  },
}
`;
