// Jest Snapshot v1, https://goo.gl/fbAQLP

exports[`renders correctly 1`] = `
{
  "children": [
    {
      "identifier": "QtQuick",
      "kind": "Import",
      "loc": {
        "end": {
          "column": 18,
          "line": 1,
          "offset": 18,
        },
        "start": {
          "column": 0,
          "line": 1,
          "offset": 0,
        },
      },
      "version": "2.0",
    },
    {
      "children": [
        {
          "identifier": "KeyNavigation.tab",
          "kind": "Attribute",
          "loc": {
            "end": {
              "column": 25,
              "line": 5,
              "offset": 58,
            },
            "start": {
              "column": 2,
              "line": 5,
              "offset": 35,
            },
          },
          "value": {
            "kind": "JavascriptValue",
            "loc": {
              "end": {
                "column": 25,
                "line": 5,
                "offset": 58,
              },
              "start": {
                "column": 21,
                "line": 5,
                "offset": 54,
              },
            },
            "object": false,
            "value": "this",
          },
        },
        {
          "identifier": "Keys.onEscapePressed",
          "kind": "Attribute",
          "loc": {
            "end": {
              "column": 3,
              "line": 9,
              "offset": 105,
            },
            "start": {
              "column": 2,
              "line": 7,
              "offset": 63,
            },
          },
          "value": {
            "kind": "JavascriptBlock",
            "loc": {
              "end": {
                "column": 3,
                "line": 9,
                "offset": 105,
              },
              "start": {
                "column": 24,
                "line": 7,
                "offset": 85,
              },
            },
            "object": false,
            "value": "{
    Qt.quit ()
  }",
          },
        },
      ],
      "identifier": "Rectangle",
      "kind": "ObjectDefinition",
      "loc": {
        "end": {
          "column": 1,
          "line": 11,
          "offset": 108,
        },
        "start": {
          "column": 0,
          "line": 3,
          "offset": 20,
        },
      },
    },
  ],
  "comments": [],
  "kind": "Program",
  "loc": {
    "end": {
      "column": 0,
      "line": 12,
      "offset": 109,
    },
    "start": {
      "column": 0,
      "line": 1,
      "offset": 0,
    },
  },
}
`;
