// Jest Snapshot v1, https://goo.gl/fbAQLP

exports[`renders correctly 1`] = `
{
  "children": [
    {
      "identifier": "QtQuick",
      "kind": "Import",
      "loc": {
        "end": {
          "column": 18,
          "line": 1,
          "offset": 18,
        },
        "start": {
          "column": 0,
          "line": 1,
          "offset": 0,
        },
      },
      "version": "2.0",
    },
    {
      "children": [
        {
          "children": [
            {
              "identifier": "value",
              "kind": "Attribute",
              "loc": {
                "end": {
                  "column": 16,
                  "line": 6,
                  "offset": 70,
                },
                "start": {
                  "column": 4,
                  "line": 6,
                  "offset": 58,
                },
              },
              "value": {
                "kind": "JavascriptValue",
                "loc": {
                  "end": {
                    "column": 16,
                    "line": 6,
                    "offset": 70,
                  },
                  "start": {
                    "column": 11,
                    "line": 6,
                    "offset": 65,
                  },
                },
                "object": false,
                "value": ""red"",
              },
            },
          ],
          "identifier": "Binding",
          "kind": "ObjectDefinition",
          "loc": {
            "end": {
              "column": 3,
              "line": 7,
              "offset": 75,
            },
            "start": {
              "column": 2,
              "line": 5,
              "offset": 35,
            },
          },
          "on": "color",
        },
      ],
      "identifier": "Rectangle",
      "kind": "ObjectDefinition",
      "loc": {
        "end": {
          "column": 1,
          "line": 9,
          "offset": 78,
        },
        "start": {
          "column": 0,
          "line": 3,
          "offset": 20,
        },
      },
    },
  ],
  "comments": [],
  "kind": "Program",
  "loc": {
    "end": {
      "column": 0,
      "line": 10,
      "offset": 79,
    },
    "start": {
      "column": 0,
      "line": 1,
      "offset": 0,
    },
  },
}
`;
