// Jest Snapshot v1, https://goo.gl/fbAQLP

exports[`renders correctly 1`] = `
{
  "children": [
    {
      "identifier": "QtQuick",
      "kind": "Import",
      "loc": {
        "end": {
          "column": 18,
          "line": 1,
          "offset": 18,
        },
        "start": {
          "column": 0,
          "line": 1,
          "offset": 0,
        },
      },
      "version": "2.0",
    },
    {
      "children": [
        {
          "identifier": "test",
          "kind": "Property",
          "loc": {
            "end": {
              "column": 3,
              "line": 9,
              "offset": 124,
            },
            "start": {
              "column": 2,
              "line": 5,
              "offset": 35,
            },
          },
          "type": "QtObject",
          "typeModifier": "list",
          "value": {
            "children": [
              {
                "children": null,
                "identifier": "QtObject",
                "kind": "ObjectDefinition",
                "loc": {
                  "end": {
                    "column": 16,
                    "line": 6,
                    "offset": 84,
                  },
                  "start": {
                    "column": 4,
                    "line": 6,
                    "offset": 72,
                  },
                },
              },
              {
                "children": null,
                "identifier": "QtObject",
                "kind": "ObjectDefinition",
                "loc": {
                  "end": {
                    "column": 16,
                    "line": 7,
                    "offset": 102,
                  },
                  "start": {
                    "column": 4,
                    "line": 7,
                    "offset": 90,
                  },
                },
              },
              {
                "children": null,
                "identifier": "QtObject",
                "kind": "ObjectDefinition",
                "loc": {
                  "end": {
                    "column": 16,
                    "line": 8,
                    "offset": 120,
                  },
                  "start": {
                    "column": 4,
                    "line": 8,
                    "offset": 108,
                  },
                },
              },
            ],
            "identifier": "test",
            "kind": "ArrayBinding",
            "loc": {
              "end": {
                "column": 3,
                "line": 9,
                "offset": 124,
              },
              "start": {
                "column": 33,
                "line": 5,
                "offset": 66,
              },
            },
          },
        },
      ],
      "identifier": "Rectangle",
      "kind": "ObjectDefinition",
      "loc": {
        "end": {
          "column": 1,
          "line": 11,
          "offset": 127,
        },
        "start": {
          "column": 0,
          "line": 3,
          "offset": 20,
        },
      },
    },
  ],
  "comments": [],
  "kind": "Program",
  "loc": {
    "end": {
      "column": 0,
      "line": 12,
      "offset": 128,
    },
    "start": {
      "column": 0,
      "line": 1,
      "offset": 0,
    },
  },
}
`;
