// Jest Snapshot v1, https://goo.gl/fbAQLP

exports[`renders correctly 1`] = `
{
  "children": [
    {
      "identifier": "QtQuick",
      "kind": "Import",
      "loc": {
        "end": {
          "column": 18,
          "line": 1,
          "offset": 18,
        },
        "start": {
          "column": 0,
          "line": 1,
          "offset": 0,
        },
      },
      "version": "2.0",
    },
    {
      "children": [
        {
          "identifier": "test",
          "kind": "Property",
          "loc": {
            "end": {
              "column": 3,
              "line": 7,
              "offset": 100,
            },
            "start": {
              "column": 2,
              "line": 5,
              "offset": 35,
            },
          },
          "type": "QtObject",
          "value": {
            "children": [
              {
                "identifier": "objectName",
                "kind": "Attribute",
                "loc": {
                  "end": {
                    "column": 24,
                    "line": 6,
                    "offset": 95,
                  },
                  "start": {
                    "column": 4,
                    "line": 6,
                    "offset": 75,
                  },
                },
                "value": {
                  "kind": "JavascriptValue",
                  "loc": {
                    "end": {
                      "column": 24,
                      "line": 6,
                      "offset": 95,
                    },
                    "start": {
                      "column": 16,
                      "line": 6,
                      "offset": 87,
                    },
                  },
                  "object": false,
                  "value": ""foobar"",
                },
              },
            ],
            "identifier": "QtObject",
            "kind": "ObjectDefinition",
            "loc": {
              "end": {
                "column": 3,
                "line": 7,
                "offset": 100,
              },
              "start": {
                "column": 27,
                "line": 5,
                "offset": 60,
              },
            },
          },
        },
      ],
      "identifier": "Rectangle",
      "kind": "ObjectDefinition",
      "loc": {
        "end": {
          "column": 1,
          "line": 9,
          "offset": 103,
        },
        "start": {
          "column": 0,
          "line": 3,
          "offset": 20,
        },
      },
    },
  ],
  "comments": [],
  "kind": "Program",
  "loc": {
    "end": {
      "column": 0,
      "line": 10,
      "offset": 104,
    },
    "start": {
      "column": 0,
      "line": 1,
      "offset": 0,
    },
  },
}
`;
