// Jest Snapshot v1, https://goo.gl/fbAQLP

exports[`renders correctly 1`] = `
{
  "children": [
    {
      "identifier": "QtQuick",
      "kind": "Import",
      "loc": {
        "end": {
          "column": 18,
          "line": 1,
          "offset": 18,
        },
        "start": {
          "column": 0,
          "line": 1,
          "offset": 0,
        },
      },
      "version": "2.0",
    },
    {
      "children": [
        {
          "identifier": "color",
          "kind": "Attribute",
          "loc": {
            "end": {
              "column": 29,
              "line": 5,
              "offset": 62,
            },
            "start": {
              "column": 2,
              "line": 5,
              "offset": 35,
            },
          },
          "value": {
            "kind": "JavascriptValue",
            "loc": {
              "end": {
                "column": 29,
                "line": 5,
                "offset": 62,
              },
              "start": {
                "column": 9,
                "line": 5,
                "offset": 42,
              },
            },
            "object": false,
            "value": "Qt.rgba (0, 0, 1, 1)",
          },
        },
        {
          "identifier": "width",
          "kind": "Attribute",
          "loc": {
            "end": {
              "column": 12,
              "line": 7,
              "offset": 77,
            },
            "start": {
              "column": 2,
              "line": 7,
              "offset": 67,
            },
          },
          "value": {
            "kind": "JavascriptValue",
            "loc": {
              "end": {
                "column": 12,
                "line": 7,
                "offset": 77,
              },
              "start": {
                "column": 9,
                "line": 7,
                "offset": 74,
              },
            },
            "object": false,
            "value": "123",
          },
        },
        {
          "identifier": "height",
          "kind": "Attribute",
          "loc": {
            "end": {
              "column": 19,
              "line": 9,
              "offset": 99,
            },
            "start": {
              "column": 2,
              "line": 9,
              "offset": 82,
            },
          },
          "value": {
            "kind": "JavascriptValue",
            "loc": {
              "end": {
                "column": 19,
                "line": 9,
                "offset": 99,
              },
              "start": {
                "column": 10,
                "line": 9,
                "offset": 90,
              },
            },
            "object": false,
            "value": "width * 2",
          },
        },
      ],
      "identifier": "Rectangle",
      "kind": "ObjectDefinition",
      "loc": {
        "end": {
          "column": 1,
          "line": 11,
          "offset": 103,
        },
        "start": {
          "column": 0,
          "line": 3,
          "offset": 20,
        },
      },
    },
  ],
  "comments": [],
  "kind": "Program",
  "loc": {
    "end": {
      "column": 0,
      "line": 12,
      "offset": 104,
    },
    "start": {
      "column": 0,
      "line": 1,
      "offset": 0,
    },
  },
}
`;
