// Jest Snapshot v1, https://goo.gl/fbAQLP

exports[`renders correctly 1`] = `
{
  "children": [
    {
      "identifier": "QtQuick",
      "kind": "Import",
      "loc": {
        "end": {
          "column": 18,
          "line": 1,
          "offset": 18,
        },
        "start": {
          "column": 0,
          "line": 1,
          "offset": 0,
        },
      },
      "version": "2.0",
    },
    {
      "children": [
        {
          "children": [
            {
              "children": [
                {
                  "identifier": "name",
                  "kind": "Attribute",
                  "loc": {
                    "end": {
                      "column": 17,
                      "line": 7,
                      "offset": 74,
                    },
                    "start": {
                      "column": 6,
                      "line": 7,
                      "offset": 63,
                    },
                  },
                  "value": {
                    "kind": "JavascriptValue",
                    "loc": {
                      "end": {
                        "column": 17,
                        "line": 7,
                        "offset": 74,
                      },
                      "start": {
                        "column": 12,
                        "line": 7,
                        "offset": 69,
                      },
                    },
                    "object": false,
                    "value": ""foo"",
                  },
                },
              ],
              "identifier": "State",
              "kind": "ObjectDefinition",
              "loc": {
                "end": {
                  "column": 5,
                  "line": 8,
                  "offset": 81,
                },
                "start": {
                  "column": 4,
                  "line": 6,
                  "offset": 49,
                },
              },
            },
            {
              "children": [
                {
                  "identifier": "name",
                  "kind": "Attribute",
                  "loc": {
                    "end": {
                      "column": 17,
                      "line": 10,
                      "offset": 112,
                    },
                    "start": {
                      "column": 6,
                      "line": 10,
                      "offset": 101,
                    },
                  },
                  "value": {
                    "kind": "JavascriptValue",
                    "loc": {
                      "end": {
                        "column": 17,
                        "line": 10,
                        "offset": 112,
                      },
                      "start": {
                        "column": 12,
                        "line": 10,
                        "offset": 107,
                      },
                    },
                    "object": false,
                    "value": ""bar"",
                  },
                },
              ],
              "identifier": "State",
              "kind": "ObjectDefinition",
              "loc": {
                "end": {
                  "column": 5,
                  "line": 11,
                  "offset": 119,
                },
                "start": {
                  "column": 4,
                  "line": 9,
                  "offset": 87,
                },
              },
            },
          ],
          "identifier": "states",
          "kind": "ArrayBinding",
          "loc": {
            "end": {
              "column": 3,
              "line": 12,
              "offset": 123,
            },
            "start": {
              "column": 10,
              "line": 5,
              "offset": 43,
            },
          },
        },
      ],
      "identifier": "Rectangle",
      "kind": "ObjectDefinition",
      "loc": {
        "end": {
          "column": 1,
          "line": 14,
          "offset": 126,
        },
        "start": {
          "column": 0,
          "line": 3,
          "offset": 20,
        },
      },
    },
  ],
  "comments": [],
  "kind": "Program",
  "loc": {
    "end": {
      "column": 0,
      "line": 15,
      "offset": 127,
    },
    "start": {
      "column": 0,
      "line": 1,
      "offset": 0,
    },
  },
}
`;
