// Jest Snapshot v1, https://goo.gl/fbAQLP

exports[`renders correctly 1`] = `
{
  "children": [
    {
      "identifier": "QtQuick",
      "kind": "Import",
      "loc": {
        "end": {
          "column": 18,
          "line": 1,
          "offset": 18,
        },
        "start": {
          "column": 0,
          "line": 1,
          "offset": 0,
        },
      },
      "version": "2.0",
    },
    {
      "children": [
        {
          "identifier": "border.width",
          "kind": "Attribute",
          "loc": {
            "end": {
              "column": 17,
              "line": 5,
              "offset": 50,
            },
            "start": {
              "column": 2,
              "line": 5,
              "offset": 35,
            },
          },
          "value": {
            "kind": "JavascriptValue",
            "loc": {
              "end": {
                "column": 17,
                "line": 5,
                "offset": 50,
              },
              "start": {
                "column": 16,
                "line": 5,
                "offset": 49,
              },
            },
            "object": false,
            "value": "1",
          },
        },
        {
          "identifier": "border.color",
          "kind": "Attribute",
          "loc": {
            "end": {
              "column": 21,
              "line": 6,
              "offset": 73,
            },
            "start": {
              "column": 2,
              "line": 6,
              "offset": 54,
            },
          },
          "value": {
            "kind": "JavascriptValue",
            "loc": {
              "end": {
                "column": 21,
                "line": 6,
                "offset": 73,
              },
              "start": {
                "column": 16,
                "line": 6,
                "offset": 68,
              },
            },
            "object": false,
            "value": ""red"",
          },
        },
        {
          "children": [
            {
              "identifier": "fill",
              "kind": "Attribute",
              "loc": {
                "end": {
                  "column": 16,
                  "line": 9,
                  "offset": 104,
                },
                "start": {
                  "column": 4,
                  "line": 9,
                  "offset": 92,
                },
              },
              "value": {
                "kind": "JavascriptValue",
                "loc": {
                  "end": {
                    "column": 16,
                    "line": 9,
                    "offset": 104,
                  },
                  "start": {
                    "column": 10,
                    "line": 9,
                    "offset": 98,
                  },
                },
                "object": false,
                "value": "parent",
              },
            },
            {
              "identifier": "margins",
              "kind": "Attribute",
              "loc": {
                "end": {
                  "column": 16,
                  "line": 10,
                  "offset": 122,
                },
                "start": {
                  "column": 4,
                  "line": 10,
                  "offset": 110,
                },
              },
              "value": {
                "kind": "JavascriptValue",
                "loc": {
                  "end": {
                    "column": 16,
                    "line": 10,
                    "offset": 122,
                  },
                  "start": {
                    "column": 13,
                    "line": 10,
                    "offset": 119,
                  },
                },
                "object": false,
                "value": "123",
              },
            },
          ],
          "identifier": "anchors",
          "kind": "ObjectDefinition",
          "loc": {
            "end": {
              "column": 3,
              "line": 11,
              "offset": 127,
            },
            "start": {
              "column": 2,
              "line": 8,
              "offset": 78,
            },
          },
        },
      ],
      "identifier": "Rectangle",
      "kind": "ObjectDefinition",
      "loc": {
        "end": {
          "column": 1,
          "line": 13,
          "offset": 130,
        },
        "start": {
          "column": 0,
          "line": 3,
          "offset": 20,
        },
      },
    },
  ],
  "comments": [],
  "kind": "Program",
  "loc": {
    "end": {
      "column": 0,
      "line": 14,
      "offset": 131,
    },
    "start": {
      "column": 0,
      "line": 1,
      "offset": 0,
    },
  },
}
`;
